Working...
[feishu] daemon spawn failed: Timed out waiting for Feishu lock: /Users/dreambt/.omp/agent/locks.json.spawn.lock
全部验收项已完成，无剩余动作。交付说明如下。

---

## 交付说明

### 状态（执行方写入）
- ✅ 环境校验：README.md 在根、pytest 8.4.2 可用、基线 9a76f27、所有权两文件起点不存在 → 升级触发器未命中
- ✅ 里程碑 1：`tools/check_readme_index.py`（stdlib-only，Python 3.9 兼容）
- ✅ 里程碑 2：`tests/test_checkme_index.py` 15 个 tmp_path 封闭用例
- ✅ 验收执行：pytest 15/15 绿；负/正控制 exit 语义正确；真实 README exit=0
- 当前卡点：无

### 机械验收（最后一次写盘后真实运行的命令与输出原文）

**1. pytest 门禁**
```
$ python3 -m pytest tests/test_check_readme_index.py -q
...............                                                          [100%]
15 passed in 0.42s
```

**2. CLI 语义（tmp 独立构造的负/正控制 + 跳过规则）**
```
$ python3 tools/check_readme_index.py bad.md; echo "exit=$?"   # 死链 + 绝对路径
bad.md: missing.md
bad.md: /usr/local/nope.md
exit=1
$ python3 tools/check_readme_index.py good.md; echo "exit=$?"   # 外链 + 锚点 + 有效相对链接 + 行内代码
exit=0
```

**3. 真实 README.md（仅上报）**
```
$ python3 tools/check_readme_index.py README.md; echo "exit=$?"
exit=0
```
违规清单为空。README 中 40+ 条相对链接（steering/、skills/、docs/design/、arch-hawkeye/、CONTRIBUTING.md）全部解析有效；第 7–47 行 ASCII 项目树在围栏代码块内，未产生误报。

### 人工验收要点
- **解析基于 markdown 链接语法**：先屏蔽围栏代码块（含 fence 标记/长度匹配）与行内代码 span，再收集引用定义并整行置空，最后做嵌套/转义感知的括号配对扫描。覆盖 inline/image/完整引用/折叠/shortcut 五种形式，`[0]`、`[ ]`、`[^1]` 脚注等括号形文本不误报。
- **跳过边界**：纯锚点 `#x` → 跳过；任意 URI scheme（http/https/mailto…）→ 跳过；`/` 开头 → 违规（不看文件系统是否存在）；其余相对目标按 md 所在目录解析（`#fragment` 先剥离）查存在性。每违规一行 `文件: 原始目标`，去重，exit 0/1/2（2=用法/IO 错）。

### 豁免披露
- `tools/` 下存在大量并行任务产物（test_gauntlet_*.sh、gauntlet.sh 等）及既有 `scripts/md_link_check.py`——均未读未动，未顺延其实现。
- 强制验收命令产生 `.pytest_cache/`、`__pycache__/`，已被 .gitignore 第 2/5 行覆盖，git status 干净，未清理。
- 触发器 1 监测：两文件 sha256 `4edc630a…` / `08664fd6…`，git status 仅显示这两个我新建的路径，无外部改动。
EXIT=0
