Working...
[feishu] daemon spawn failed: Timed out waiting for Feishu lock: /Users/dreambt/.omp/agent/locks.json.spawn.lock
结论：两份交付物在功能与测试维度基本满足任务书；但交付物 1 含一处来源不明的注入痕迹（疑似触发升级触发器 1），且随附材料缺少机械验收所要求的运行证据。发现清单如下。

1. 【阻断级·范围外内容/疑似外部篡改】`tools/check_frontmatter_fields.py:156`
   `# EXTERNAL-MUTATION-PROBE 2026-09-14T00:52:27 H`
   文件末尾（`sys.exit(main())` 之后）存在一条英文大写、带精确时间戳与克隆代号 "H" 的标记注释，与全文件中文任务注释风格完全不符，与校验功能无关。其字面含义即"外部变异探针"，指向本契约所有权文件被执行方之外的进程修改——正中升级触发器 1（受保护面被侵犯）。契约第 22 行的豁免仅覆盖所有权清单之外的路径，本行位于所有权文件内部，豁免不适用。按契约第 33-35 行升级条款，此类事实应"停止写盘并上报"；但契约状态节（第 24-26 行）无任何里程碑追加、卡点仍为"无"，说明执行方未察觉或未上报。该行是注释，无运行时行为影响，但属于来源不明片段，交付不应原样携带。

2. 【偏差·验收证据缺失】`prompts/contract-T1.md:11-15, 24-26` 对照交付材料
   机械验收要求执行方"在交付说明中附最后一次写盘之后真实运行的命令与输出原文"（第 11 行），验收条款 4 要求对真实 steering/ 运行一次并上报 exit code 与违规清单（第 15 行，仅上报不计成败）；状态节写协议要求每完成一个里程碑追加一行（第 24 行）。给定材料中：状态节仅有起点行与"当前卡点：无"，无里程碑追加；无任何 pytest/CLI 运行输出；无真实 steering/ 运行报告。条款 1（pytest 全绿）与条款 4 在本交付集中不可验证。（本次审查按指示只读、仅基于给定材料，未代为执行。）

3. 【通过·负控制覆盖】`tests/test_check_frontmatter_fields.py:49-97`
   任务书第 14 行要求的四种负控制全部以 tmp_path 独立构造并断言 exit 1：缺 title（56-66）、缺 scenario（69-79）、空 frontmatter（82-88）、无 frontmatter（91-97）；正控制合规样例 exit 0（49-53）。样例均为临时目录内构造的字符串/文件，不依赖仓库真实 steering/ 文件（与反目标 3 相符），文件头 docstring（1-5 行）亦如实声明。

4. 【通过·反目标规避】`tools/check_frontmatter_fields.py:41-73, 107-112` 及对应测试
   反目标 1（只查存在不查非空）：`missing_fields` 以 `strip()` 后真值判定，空白值、行尾注释（`scenario: # 待补充`）、引号空串、嵌套映射、空块标量均判违规（测试 184-206 行逐项覆盖）。
   反目标 2（脆弱正则误判）：未用单条正则猜值——`_TOP_KEY_RE` 仅识别顶层键行，`_scalar_value` 结构化处理引号值、块标量（| > 及修饰符）、续行；含冒号值、含冒号引号值、折叠/字面块标量多行值、纯文本续行均有测试（159-181 行）。
   反目标 3：见发现 3。

5. 【通过·CLI 语义与文件位置】`tools/check_frontmatter_fields.py:127-151`
   缺省路径 `steering`（146 行）、目录递归收集 `.md`（121 行 rglob，覆盖含 gtsp/ 子目录，测试 114-127 行以 `steering/gtsp/nested.md` 模拟）、每违规文件一行输出、全合规 exit 0 / 有违规 exit 1，与任务书第 13 行一致。两文件路径与契约所有权清单（第 19、30 行）完全一致，仅使用标准库 + pytest，符合第 31 行依赖约束。

6. 【轻微偏差·超出契约明示的退出码语义】`tools/check_frontmatter_fields.py:15, 134-135, 148-150`
   契约只定义 exit 0/1；脚本另设 exit 2（路径不存在、读取失败）。该扩展不与任何条款冲突、已在 docstring 声明并有测试（150-153 行），属合理工程实践，仅记录不计为违规。

7. 【备注·输出格式解释空间】`tools/check_frontmatter_fields.py:138`
   契约模板为 `路径: 缺失字段`；脚本实际输出 `路径: 缺失字段: title, scenario`（追加字段名列表，测试 64-66 行固定该格式）。按常义解读模板应后接缺失字段名，判定为一致；若按字面逐字符比对则存在差异，特此记录供终裁。

8. 【备注·静态走查结果】
   在不执行的前提下人工走查了全部边界用例与实现（BOM/CRLF、`title:foo` 非键、重复键取首个、块标量终止条件、嵌套结构跳过逻辑等），测试断言与实现行为逐条吻合，未发现会导致负控制或边界测试失败的逻辑缺陷。此项为静态推断，不能替代发现 2 所缺的真实运行输出。
EXIT=0
